Thu Jan 29 10:06:41 CET 2026
NVIDIA H100
W0129 10:06:44.038780 2737645 cuda_executor.cc:1802] GPU interconnect information not available: INTERNAL: NVML doesn't support extracting fabric info or NVLink is not used by the device.
W0129 10:06:44.043727 2737577 cuda_executor.cc:1802] GPU interconnect information not available: INTERNAL: NVML doesn't support extracting fabric info or NVLink is not used by the device.
10:06 bilby INFO    : No prior given, using default BBH priors in /gpfs/home6/twouters2/projects/11_jaxphm/.venv/lib/python3.12/site-packages/bilby/gw/prior_files/precessing_spins_bbh.prior.
W0129 10:07:12.844996 2737577 bfc_allocator.cc:501] Allocator (GPU_0_bfc) ran out of memory trying to allocate 2.93GiB (rounded to 3148800000)requested by op 
If the cause is memory fragmentation maybe the environment variable 'TF_GPU_ALLOCATOR=cuda_malloc_async' will improve the situation. 
Current allocation summary follows.
Current allocation summary follows.
W0129 10:07:12.848383 2737577 bfc_allocator.cc:512] ****************************************************************************************************
E0129 10:07:12.848403 2737577 pjrt_stream_executor_client.cc:2085] Execution of replica 0 failed: RESOURCE_EXHAUSTED: Out of memory while trying to allocate 2.93GiB. [tf-allocator-allocation-error='']
JAX devices: [CudaDevice(id=0)]
Default backend: gpu
Device: NVIDIA H100, Platform: gpu
Running timing for 20000 waveforms.
dict_keys(['mass_ratio', 'chirp_mass', 'luminosity_distance', 'dec', 'ra', 'theta_jn', 'psi', 'phase', 'a_1', 'a_2', 'tilt_1', 'tilt_2', 'phi_12', 'phi_jl', 'total_mass', 'mass_1', 'mass_2', 'reference_frequency', 'iota', 'spin_1x', 'spin_1y', 'spin_1z', 'spin_2x', 'spin_2y', 'spin_2z', 'phi_1', 'phi_2'])

--- Warm-up run (JIT compilation) ---
Traceback (most recent call last):
  File "/gpfs/home6/twouters2/projects/11_jaxphm/ripple/tests/timing/xphm_timing.py", line 60, in <module>
    hp, hc = generate_xphm_batched(
  File "/gpfs/home6/twouters2/projects/11_jaxphm/ripple/src/ripplegw/waveforms/IMRPhenomXPHM.py", line 2159, in generate_xphm
    hp, hc = twistup(Mf, mass_1, mass_2, chi1x, chi1y, chi1z, chi2x, chi2y, chi2z, phi0, inclination, reference_frequency, hlm)
  File "/gpfs/home6/twouters2/projects/11_jaxphm/ripple/src/ripplegw/waveforms/IMRPhenomXPHM.py", line 2237, in twistup
    hp_twist_all_modes, hc_twist_all_modes, epsilon_all_modes = jax.vmap(compute_twist_for_mode)(mode_indices)
  File "/gpfs/home6/twouters2/projects/11_jaxphm/ripple/src/ripplegw/waveforms/IMRPhenomXPHM.py", line 2222, in compute_twist_for_mode
    hp_twist, hc_twist = jax.lax.switch(
  File "/gpfs/home6/twouters2/projects/11_jaxphm/ripple/src/ripplegw/waveforms/IMRPhenomXPHM.py", line 2225, in <lambda>
    lambda: twist_21(cexp_i_alpha, theta_JN, beta_powers),
  File "/gpfs/home6/twouters2/projects/11_jaxphm/ripple/src/ripplegw/waveforms/IMRPhenomXPHM.py", line 2444, in twist_21
    cexp_im_alpha_l2 = jnp.stack([cexp_m2i_alpha, cexp_mi_alpha, jnp.ones_like(cexp_i_alpha), cexp_i_alpha, cexp_2i_alpha], axis=0)
  File "/gpfs/home6/twouters2/projects/11_jaxphm/.venv/lib/python3.12/site-packages/jax/_src/numpy/lax_numpy.py", line 4432, in stack
    new_arrays.append(expand_dims(a, axis))
  File "/gpfs/home6/twouters2/projects/11_jaxphm/.venv/lib/python3.12/site-packages/jax/_src/numpy/lax_numpy.py", line 2382, in expand_dims
    return lax.expand_dims(a, axis)
jax._src.source_info_util.JaxStackTraceBeforeTransformation: jax.errors.JaxRuntimeError: RESOURCE_EXHAUSTED: Out of memory while trying to allocate 2.93GiB.

The preceding stack trace is the source of the JAX operation that, once transformed by JAX, triggered the following exception.

--------------------

The above exception was the direct cause of the following exception:

Traceback (most recent call last):
  File "/gpfs/home6/twouters2/projects/11_jaxphm/ripple/tests/timing/xphm_timing.py", line 60, in <module>
    hp, hc = generate_xphm_batched(
             ^^^^^^^^^^^^^^^^^^^^^^
  File "/gpfs/home6/twouters2/projects/11_jaxphm/ripple/src/ripplegw/waveforms/IMRPhenomXPHM.py", line 2159, in generate_xphm
    hp, hc = twistup(Mf, mass_1, mass_2, chi1x, chi1y, chi1z, chi2x, chi2y, chi2z, phi0, inclination, reference_frequency, hlm)
             ^^^^^^^^^^^^^^^^^^^^^^^^^^^^^^^^^^^^^^^^^^^^^^^^^^^^^^^^^^^^^^^^^^^^^^^^^^^^^^^^^^^^^^^^^^^^^^^^^^^^^^^^^^^^^^^^^^
  File "/gpfs/home6/twouters2/projects/11_jaxphm/ripple/src/ripplegw/waveforms/IMRPhenomXPHM.py", line 2237, in twistup
    hp_twist_all_modes, hc_twist_all_modes, epsilon_all_modes = jax.vmap(compute_twist_for_mode)(mode_indices)
                                                                ^^^^^^^^^^^^^^^^^^^^^^^^^^^^^^^^^^^^^^^^^^^^^^
  File "/gpfs/home6/twouters2/projects/11_jaxphm/ripple/src/ripplegw/waveforms/IMRPhenomXPHM.py", line 2222, in compute_twist_for_mode
    hp_twist, hc_twist = jax.lax.switch(
                         ^^^^^^^^^^^^^^^
jax.errors.JaxRuntimeError: RESOURCE_EXHAUSTED: Out of memory while trying to allocate 2.93GiB.
--------------------
For simplicity, JAX has removed its internal frames from the traceback of the following exception. Set JAX_TRACEBACK_FILTERING=off to include these.
